# Generated Sieve Script for from-rules
require ["include", "environment", "variables", "relational", "comparator-i;ascii-numeric", "spamtest", "fileinto", "imap4flags", "vnd.proton.expire", "extlists", "reject"];

# Generated: Do not run this script on spam messages
if allof (environment :matches "vnd.proton.spam-threshold" "*", spamtest :value "ge" :comparator "i;ascii-numeric" "${1}") {
    return;
}

# --- GLOBAL RULES ---

# Global | From | auto:F
if anyof (
  address :all :comparator "i;unicode-casemap" :contains "From" ["sender1a@domain.com", "sender1b@domain.com"],
  header :comparator "i;unicode-casemap" :contains "X-Simplelogin-Original-From" ["sender1a@domain.com", "sender1b@domain.com"]
) {
  fileinto "from-rules";
}

# Global | From | auto:F_R
if anyof (
  address :all :comparator "i;unicode-casemap" :contains "From" ["sender2a@domain.com", "sender2b@domain.com"],
  header :comparator "i;unicode-casemap" :contains "X-Simplelogin-Original-From" ["sender2a@domain.com", "sender2b@domain.com"]
) {
  addflag "\\Seen";
  fileinto "from-rules";
}

# Global | From | auto:F_R::from=sender3b%40domain.com
if anyof (
  address :all :comparator "i;unicode-casemap" :matches "From" ["*Subject 2 Match*"],
  header :comparator "i;unicode-casemap" :matches "X-Simplelogin-Original-From" ["**Subject 2 Match**"]
) {
  fileinto "from-rules";
}

# Global | From | auto:F_R_A_S::from=sender4a%40domain.com
if anyof (
  address :all :comparator "i;unicode-casemap" :contains "From" ["Subject1"],
  address :all :comparator "i;unicode-casemap" :matches "From" ["*Subject 2 Match*"],
  header :comparator "i;unicode-casemap" :contains "X-Simplelogin-Original-From" ["Subject1"],
  header :comparator "i;unicode-casemap" :matches "X-Simplelogin-Original-From" ["**Subject 2 Match**"]
) {
  addflag "\\Seen";
  fileinto "Archive";
  fileinto "from-rules";
}

# Global | From | auto:F_R_A_S
if anyof (
  address :all :comparator "i;unicode-casemap" :contains "From" ["sender5a@domain.com,sender5b@domain.com,sender5c@domain.com"],
  header :comparator "i;unicode-casemap" :contains "X-Simplelogin-Original-From" ["sender5a@domain.com,sender5b@domain.com,sender5c@domain.com"]
) {
  addflag "\\Seen";
  fileinto "Archive";
  fileinto "from-rules";
  stop;
}

# Global | From | auto:B
if anyof (
  address :all :comparator "i;unicode-casemap" :contains "From" ["sender6@domain.com"],
  header :comparator "i;unicode-casemap" :contains "X-Simplelogin-Original-From" ["sender6@domain.com"]
) {
  reject "Message Rejected";
  stop;
}

# Global | From | auto:B::from=sender7%40domain.com
if anyof (
  address :all :comparator "i;unicode-casemap" :contains "From" ["Subject Filter"],
  header :comparator "i;unicode-casemap" :contains "X-Simplelogin-Original-From" ["Subject Filter"]
) {
  
}

